<html>
<body>
<pre>
<h1>µVision Build Log</h1>
<h2>Project:</h2>
C:\Keil\Labware\Lab14_VirtualMeasurementOfDistance\Lab14.uvproj
Project File Date:  09/08/2016

<h2>Output:</h2>
Build target 'Lab14'
compiling MeasurementOfDistance.c...
linking...
Program Size: Code=7240 RO-data=7568 RW-data=124 ZI-data=1764  
".\Lab14.axf" - 0 Error(s), 0 Warning(s).
</pre>
</body>
</html>
RO-data=7088 RW-data=124 ZI-data=1756  
".\Lab14.axf" - 0 Error(s), 1 Warning(s).
: Code=6348 RO-data=7088 RW-data=124 ZI-data=1756  
".\Lab14.axf" - 0 Error(s), 1 Warning(s).


".\Lab14.axf" - 1 Error(s), 2 Warning(s).
Target not created
essages.
".\Lab14.axf" - 1 Error(s), 1 Warning(s).
Target not created
