<html>
<body>
<pre>
<h1>µVision Build Log</h1>
<h2>Project:</h2>
C:\Keil\Labware\Lab15_VirtualSpaceInvaders\SpaceInvaders.uvproj
Project File Date:  04/12/2016

<h2>Output:</h2>
Build target 'SpaceInvaders'
compiling SpaceInvaders.c...
linking...
Program Size: Code=6156 RO-data=5284 RW-data=124 ZI-data=2300  
".\SpaceInvaders.axf" - 0 Error(s), 0 Warning(s).
</pre>
</body>
</html>
nvaders.c: 1 warning, 0 errors
linking...
Program Size: Code=5432 RO-data=4804 RW-data=120 ZI-data=2296  
".\SpaceInvaders.axf" - 0 Error(s), 1 Warning(s).
data=4804 RW-data=120 ZI-data=2296  
".\SpaceInvaders.axf" - 0 Error(s), 1 Warning(s).
